../Core/Src/user_5110.c:104:6:LCD1_Init	8	static
../Core/Src/user_5110.c:113:6:LCD2_Init	8	static
../Core/Src/user_5110.c:125:6:LCD1_Reset	8	static
../Core/Src/user_5110.c:131:6:LCD2_Reset	8	static
../Core/Src/user_5110.c:142:6:LCD1_Set_Postion	16	static
../Core/Src/user_5110.c:147:6:LCD2_Set_Postion	16	static
../Core/Src/user_5110.c:155:6:LCD1_Clear	16	static
../Core/Src/user_5110.c:168:6:LCD2_Clear	16	static
../Core/Src/user_5110.c:186:6:LCD1_Write_Char	24	static
../Core/Src/user_5110.c:192:6:LCD2_Write_Char	24	static
../Core/Src/user_5110.c:204:6:LCD1_Write_String	16	static
../Core/Src/user_5110.c:212:6:LCD2_Write_String	16	static
../Core/Src/user_5110.c:224:6:LCD1_Write_Command	16	static
../Core/Src/user_5110.c:232:6:LCD2_Write_Command	16	static
../Core/Src/user_5110.c:244:6:LCD1_Write_Data	16	static
../Core/Src/user_5110.c:252:6:LCD2_Write_Data	16	static
